[
    {
        "url": "\/blog",
        "title": "Blog",
        "attributes": []
    },
    {
        "url": "\/blog\/topics",
        "title": "Topics",
        "attributes": []
    }
]
